C:/Users/jason/Documents/GenX320_stream/USB_DEVICE/Target/usbd_conf.c:67:6:HAL_PCD_MspInit	184	static
C:/Users/jason/Documents/GenX320_stream/USB_DEVICE/Target/usbd_conf.c:117:6:HAL_PCD_MspDeInit	8	static
C:/Users/jason/Documents/GenX320_stream/USB_DEVICE/Target/usbd_conf.c:151:6:HAL_PCD_SetupStageCallback	0	static
C:/Users/jason/Documents/GenX320_stream/USB_DEVICE/Target/usbd_conf.c:166:6:HAL_PCD_DataOutStageCallback	0	static
C:/Users/jason/Documents/GenX320_stream/USB_DEVICE/Target/usbd_conf.c:181:6:HAL_PCD_DataInStageCallback	0	static
C:/Users/jason/Documents/GenX320_stream/USB_DEVICE/Target/usbd_conf.c:195:6:HAL_PCD_SOFCallback	0	static
C:/Users/jason/Documents/GenX320_stream/USB_DEVICE/Target/usbd_conf.c:209:6:HAL_PCD_ResetCallback	8	static
C:/Users/jason/Documents/GenX320_stream/USB_DEVICE/Target/usbd_conf.c:242:6:HAL_PCD_SuspendCallback	8	static
C:/Users/jason/Documents/GenX320_stream/USB_DEVICE/Target/usbd_conf.c:267:6:HAL_PCD_ResumeCallback	0	static
C:/Users/jason/Documents/GenX320_stream/USB_DEVICE/Target/usbd_conf.c:285:6:HAL_PCD_ISOOUTIncompleteCallback	0	static
C:/Users/jason/Documents/GenX320_stream/USB_DEVICE/Target/usbd_conf.c:300:6:HAL_PCD_ISOINIncompleteCallback	0	static
C:/Users/jason/Documents/GenX320_stream/USB_DEVICE/Target/usbd_conf.c:314:6:HAL_PCD_ConnectCallback	0	static
C:/Users/jason/Documents/GenX320_stream/USB_DEVICE/Target/usbd_conf.c:328:6:HAL_PCD_DisconnectCallback	0	static
C:/Users/jason/Documents/GenX320_stream/USB_DEVICE/Target/usbd_conf.c:343:20:USBD_LL_Init	8	static
C:/Users/jason/Documents/GenX320_stream/USB_DEVICE/Target/usbd_conf.c:539:9:USBD_LL_IsStallEP	0	static
C:/Users/jason/Documents/GenX320_stream/USB_DEVICE/Target/usbd_conf.c:617:10:USBD_LL_GetRxDataSize	0	static
C:/Users/jason/Documents/GenX320_stream/USB_DEVICE/Target/usbd_conf.c:628:6:HAL_PCDEx_LPM_Callback	8	static
C:/Users/jason/Documents/GenX320_stream/USB_DEVICE/Target/usbd_conf.c:663:6:USBD_LL_Delay	0	static
C:/Users/jason/Documents/GenX320_stream/USB_DEVICE/Target/usbd_conf.c:684:20:USBD_Get_USB_Status	0	static
C:/Users/jason/Documents/GenX320_stream/USB_DEVICE/Target/usbd_conf.c:395:20:USBD_LL_DeInit	8	static
C:/Users/jason/Documents/GenX320_stream/USB_DEVICE/Target/usbd_conf.c:412:20:USBD_LL_Start	8	static
C:/Users/jason/Documents/GenX320_stream/USB_DEVICE/Target/usbd_conf.c:429:20:USBD_LL_Stop	8	static
C:/Users/jason/Documents/GenX320_stream/USB_DEVICE/Target/usbd_conf.c:449:20:USBD_LL_OpenEP	8	static
C:/Users/jason/Documents/GenX320_stream/USB_DEVICE/Target/usbd_conf.c:467:20:USBD_LL_CloseEP	8	static
C:/Users/jason/Documents/GenX320_stream/USB_DEVICE/Target/usbd_conf.c:485:20:USBD_LL_FlushEP	8	static
C:/Users/jason/Documents/GenX320_stream/USB_DEVICE/Target/usbd_conf.c:503:20:USBD_LL_StallEP	8	static
C:/Users/jason/Documents/GenX320_stream/USB_DEVICE/Target/usbd_conf.c:521:20:USBD_LL_ClearStallEP	8	static
C:/Users/jason/Documents/GenX320_stream/USB_DEVICE/Target/usbd_conf.c:559:20:USBD_LL_SetUSBAddress	8	static
C:/Users/jason/Documents/GenX320_stream/USB_DEVICE/Target/usbd_conf.c:579:20:USBD_LL_Transmit	8	static
C:/Users/jason/Documents/GenX320_stream/USB_DEVICE/Target/usbd_conf.c:599:20:USBD_LL_PrepareReceive	8	static
