../Drivers/product-genx-ctrl/src/genx320.c:56:28:psee_sensor_read	0	static
../Drivers/product-genx-ctrl/src/genx320.c:67:28:psee_sensor_write	0	static
../Drivers/product-genx-ctrl/src/genx320.c:79:28:psee_sensor_sequential_read	0	static
../Drivers/product-genx-ctrl/src/genx320.c:90:28:psee_sensor_sequential_write	0	static
../Drivers/product-genx-ctrl/src/genx320.c:126:28:psee_sensor_platform_init	0	static
../Drivers/product-genx-ctrl/src/genx320.c:136:28:psee_sleep_ms_imp	0	static
../Drivers/product-genx-ctrl/src/genx320.c:156:13:execute_reg_op_sequence	32	static
../Drivers/product-genx-ctrl/src/genx320.c:146:28:psee_sleep_us_imp	0	static
../Drivers/product-genx-ctrl/src/genx320.c:196:6:psee_sensor_start	0	static
../Drivers/product-genx-ctrl/src/genx320.c:204:6:psee_sensor_stop	0	static
../Drivers/product-genx-ctrl/src/genx320.c:310:6:psee_sensor_set_biases	8	static
../Drivers/product-genx-ctrl/src/genx320.c:342:6:psee_sensor_set_bias	8	static
../Drivers/product-genx-ctrl/src/genx320.c:388:6:psee_sensor_set_CPI_EVT20	8	static
../Drivers/product-genx-ctrl/src/genx320.c:422:6:psee_sensor_set_flip	24	static
../Drivers/product-genx-ctrl/src/genx320.c:632:6:psee_sensor_destroy	48	static
../Drivers/product-genx-ctrl/src/genx320.c:645:6:psee_sensor_reconfig	8	static
../Drivers/product-genx-ctrl/src/genx320.c:688:6:psee_PM3C_config	8	static
../Drivers/product-genx-ctrl/src/genx320.c:711:6:psee_PM2_config	8	static
../Drivers/product-genx-ctrl/src/genx320.c:754:18:psee_write_firmware	616	static
../Drivers/product-genx-ctrl/src/genx320.c:921:18:psee_reset_firmware	8	static
../Drivers/product-genx-ctrl/src/genx320.c:956:10:psee_get_mbx_cmd_ptr	16	static
../Drivers/product-genx-ctrl/src/genx320.c:966:10:psee_get_mbx_misc	16	static
../Drivers/product-genx-ctrl/src/genx320.c:234:20:psee_open_evt	16	static
../Drivers/product-genx-ctrl/src/genx320.c:905:18:psee_start_firmware	8	static
../Drivers/product-genx-ctrl/src/genx320.c:976:10:psee_get_mbx_status_ptr	16	static
../Drivers/product-genx-ctrl/src/genx320.c:986:6:psee_set_mbx_cmd_ptr	8	static
../Drivers/product-genx-ctrl/src/genx320.c:994:6:psee_set_mbx_misc	8	static
../Drivers/product-genx-ctrl/src/genx320.c:1002:6:psee_set_mbx_status_ptr	8	static
../Drivers/product-genx-ctrl/src/genx320.c:1029:6:psee_write_ROI_X	8	static
../Drivers/product-genx-ctrl/src/genx320.c:1038:6:psee_write_ROI_Y	8	static
../Drivers/product-genx-ctrl/src/genx320.c:1046:6:psee_write_ROI_CTRL	8	static
../Drivers/product-genx-ctrl/src/genx320.c:1074:10:psee_mbx_read_uint32	8	static
../Drivers/product-genx-ctrl/src/genx320.c:1091:6:psee_decode_debugger	16	static
../Drivers/product-genx-ctrl/src/genx320.c:1117:10:psee_sensor_read_dmem	24	static
../Drivers/product-genx-ctrl/src/genx320.c:1153:10:psee_sensor_read_imem	24	static
../Drivers/product-genx-ctrl/src/genx320.c:1208:6:psee_read_ro_lp_evt_cnt	16	static
../Drivers/product-genx-ctrl/src/genx320.c:1230:10:psee_read_ro_evt_cd_cnt	16	static
../Drivers/product-genx-ctrl/src/genx320.c:1241:10:psee_read_afk_flicker_evt_cnt	16	static
../Drivers/product-genx-ctrl/src/genx320.c:1252:10:psee_read_afk_total_evt_cnt	16	static
../Drivers/product-genx-ctrl/src/genx320.c:1281:6:psee_configure_activity_map	8	static
../Drivers/product-genx-ctrl/src/genx320.c:1318:6:psee_set_default_XY_borders	8	static
../Drivers/product-genx-ctrl/src/genx320.c:1403:15:psee_enable_afk	24	static
../Drivers/product-genx-ctrl/src/genx320.c:1460:15:psee_disable_afk	8	static
