C:/Users/jason/Documents/GenX320_stream/Core/Src/main.c:358:14:pvStaticAllocate	0	static
C:/Users/jason/Documents/GenX320_stream/Core/Src/main.c:1035:13:MX_DMA_Init	16	static
C:/Users/jason/Documents/GenX320_stream/Core/Src/main.c:1302:6:ESP_LPW_Task	0	static
C:/Users/jason/Documents/GenX320_stream/Core/Src/main.c:1321:6:Task_Update_Fb	0	static
C:/Users/jason/Documents/GenX320_stream/Core/Src/main.c:1337:6:Event_Decoding_Task	0	static
C:/Users/jason/Documents/GenX320_stream/Core/Src/main.c:1352:6:Activity_Map_Task	0	static
C:/Users/jason/Documents/GenX320_stream/Core/Src/main.c:1368:6:Statistics_Task	0	static
C:/Users/jason/Documents/GenX320_stream/Core/Src/main.c:1384:6:Led_Tracking_Task	0	static
C:/Users/jason/Documents/GenX320_stream/Core/Src/main.c:255:6:HAL_DMA_MasterCpltCallback	8	static
C:/Users/jason/Documents/GenX320_stream/Core/Src/main.c:237:6:HAL_I2C_MasterTxCpltCallback	8	static
C:/Users/jason/Documents/GenX320_stream/Core/Src/main.c:246:6:HAL_I2C_MasterRxCpltCallback	8	static
C:/Users/jason/Documents/GenX320_stream/Core/Src/main.c:274:6:HAL_LTDC_ReloadEventCallback	0	static
C:/Users/jason/Documents/GenX320_stream/Core/Src/main.c:281:6:reset_buffers	8	static
C:/Users/jason/Documents/GenX320_stream/Core/Src/main.c:292:6:ULP_standby_sequence	8	static
C:/Users/jason/Documents/GenX320_stream/Core/Src/main.c:327:6:ULP_wakeup_sequence	8	static
C:/Users/jason/Documents/GenX320_stream/Core/Src/main.c:554:6:SystemClock_Config	96	static
C:/Users/jason/Documents/GenX320_stream/Core/Src/main.c:382:5:main	200	static,ignoring_inline_asm
C:/Users/jason/Documents/GenX320_stream/Core/Src/main.c:1438:6:HAL_TIM_PeriodElapsedCallback	0	static
C:/Users/jason/Documents/GenX320_stream/Core/Src/main.c:1455:6:Error_Handler	0	static
