C:/Users/jason/Documents/GenX320_stream/Core/Src/main.c:363:14:pvStaticAllocate	0	static
C:/Users/jason/Documents/GenX320_stream/Core/Src/main.c:1038:13:MX_DMA_Init	16	static
C:/Users/jason/Documents/GenX320_stream/Core/Src/main.c:1305:6:ESP_LPW_Task	0	static
C:/Users/jason/Documents/GenX320_stream/Core/Src/main.c:1326:6:Task_Update_Fb	0	static
C:/Users/jason/Documents/GenX320_stream/Core/Src/main.c:1342:6:Event_Decoding_Task	0	static
C:/Users/jason/Documents/GenX320_stream/Core/Src/main.c:1357:6:Activity_Map_Task	0	static
C:/Users/jason/Documents/GenX320_stream/Core/Src/main.c:1373:6:Statistics_Task	0	static
C:/Users/jason/Documents/GenX320_stream/Core/Src/main.c:1389:6:Led_Tracking_Task	0	static
C:/Users/jason/Documents/GenX320_stream/Core/Src/main.c:260:6:HAL_DMA_MasterCpltCallback	8	static
C:/Users/jason/Documents/GenX320_stream/Core/Src/main.c:242:6:HAL_I2C_MasterTxCpltCallback	8	static
C:/Users/jason/Documents/GenX320_stream/Core/Src/main.c:251:6:HAL_I2C_MasterRxCpltCallback	8	static
C:/Users/jason/Documents/GenX320_stream/Core/Src/main.c:279:6:HAL_LTDC_ReloadEventCallback	0	static
C:/Users/jason/Documents/GenX320_stream/Core/Src/main.c:286:6:reset_buffers	8	static
C:/Users/jason/Documents/GenX320_stream/Core/Src/main.c:297:6:ULP_standby_sequence	8	static
C:/Users/jason/Documents/GenX320_stream/Core/Src/main.c:332:6:ULP_wakeup_sequence	8	static
C:/Users/jason/Documents/GenX320_stream/Core/Src/main.c:557:6:SystemClock_Config	96	static
C:/Users/jason/Documents/GenX320_stream/Core/Src/main.c:387:5:main	200	static,ignoring_inline_asm
C:/Users/jason/Documents/GenX320_stream/Core/Src/main.c:1461:6:HAL_TIM_PeriodElapsedCallback	0	static
C:/Users/jason/Documents/GenX320_stream/Core/Src/main.c:1478:6:Error_Handler	0	static
