C:/Users/jason/Documents/GenX320_stream/Core/Src/stm32f7xx_hal_msp.c:68:6:HAL_MspInit	8	static
C:/Users/jason/Documents/GenX320_stream/Core/Src/stm32f7xx_hal_msp.c:92:6:HAL_CRC_MspInit	8	static
C:/Users/jason/Documents/GenX320_stream/Core/Src/stm32f7xx_hal_msp.c:114:6:HAL_CRC_MspDeInit	0	static
C:/Users/jason/Documents/GenX320_stream/Core/Src/stm32f7xx_hal_msp.c:136:6:HAL_DCMI_MspInit	72	static
C:/Users/jason/Documents/GenX320_stream/Core/Src/stm32f7xx_hal_msp.c:239:6:HAL_DCMI_MspDeInit	8	static
C:/Users/jason/Documents/GenX320_stream/Core/Src/stm32f7xx_hal_msp.c:291:6:HAL_DMA2D_MspInit	16	static
C:/Users/jason/Documents/GenX320_stream/Core/Src/stm32f7xx_hal_msp.c:316:6:HAL_DMA2D_MspDeInit	0	static
C:/Users/jason/Documents/GenX320_stream/Core/Src/stm32f7xx_hal_msp.c:341:6:HAL_I2C_MspInit	176	static
C:/Users/jason/Documents/GenX320_stream/Core/Src/stm32f7xx_hal_msp.c:423:6:HAL_I2C_MspDeInit	8	static
C:/Users/jason/Documents/GenX320_stream/Core/Src/stm32f7xx_hal_msp.c:476:6:HAL_LTDC_MspInit	208	static
C:/Users/jason/Documents/GenX320_stream/Core/Src/stm32f7xx_hal_msp.c:625:6:HAL_LTDC_MspDeInit	8	static
C:/Users/jason/Documents/GenX320_stream/Core/Src/stm32f7xx_hal_msp.c:700:6:HAL_QSPI_MspInit	64	static
C:/Users/jason/Documents/GenX320_stream/Core/Src/stm32f7xx_hal_msp.c:763:6:HAL_QSPI_MspDeInit	8	static
C:/Users/jason/Documents/GenX320_stream/Core/Src/stm32f7xx_hal_msp.c:800:6:HAL_TIM_Base_MspInit	40	static
C:/Users/jason/Documents/GenX320_stream/Core/Src/stm32f7xx_hal_msp.c:840:6:HAL_TIM_MspPostInit	32	static
C:/Users/jason/Documents/GenX320_stream/Core/Src/stm32f7xx_hal_msp.c:872:6:HAL_TIM_Base_MspDeInit	0	static
C:/Users/jason/Documents/GenX320_stream/Core/Src/stm32f7xx_hal_msp.c:1013:6:HAL_SDRAM_MspInit	48	static
C:/Users/jason/Documents/GenX320_stream/Core/Src/stm32f7xx_hal_msp.c:1099:6:HAL_SDRAM_MspDeInit	8	static
