../../TouchGFX/gui/include/gui/screen_1_statistics_screen/Screen_1_StatisticsPresenter.hpp:28:13:Screen_1_StatisticsPresenter::~Screen_1_StatisticsPresenter()	0	static
C:/Users/jason/Documents/GenX320_stream/TouchGFX/gui/src/screen_1_statistics_screen/Screen_1_StatisticsPresenter.cpp:10:6:virtual void Screen_1_StatisticsPresenter::activate()	0	static
../../TouchGFX/gui/include/gui/screen_1_statistics_screen/Screen_1_StatisticsPresenter.hpp:28:13:virtual Screen_1_StatisticsPresenter::~Screen_1_StatisticsPresenter()	8	static
../../TouchGFX/gui/include/gui/screen_1_statistics_screen/Screen_1_StatisticsPresenter.hpp:28:13:virtual void* Screen_1_StatisticsPresenter::_ZThn4_N28Screen_1_StatisticsPresenterD1Ev()	0	static
C:/Users/jason/Documents/GenX320_stream/TouchGFX/gui/src/screen_1_statistics_screen/Screen_1_StatisticsPresenter.cpp:4:1:Screen_1_StatisticsPresenter::Screen_1_StatisticsPresenter(Screen_1_StatisticsView&)	0	static
