../../Middlewares/ST/touchgfx/framework/include/touchgfx/Screen.hpp:104:18:virtual void touchgfx::Screen::afterTransition()	0	static
../../Middlewares/ST/touchgfx/framework/include/touchgfx/Screen.hpp:154:18:virtual void touchgfx::Screen::handleKeyEvent(uint8_t)	0	static
C:/Users/jason/Documents/GenX320_stream/TouchGFX/gui/src/screen_2_pm2_screen/Screen_2_PM2View.cpp:31:6:virtual void Screen_2_PM2View::tearDownScreen()	0	static
C:/Users/jason/Documents/GenX320_stream/TouchGFX/gui/src/screen_2_pm2_screen/Screen_2_PM2View.cpp:39:6:virtual void Screen_2_PM2View::screenInit()	0	static
C:/Users/jason/Documents/GenX320_stream/TouchGFX/gui/src/screen_2_pm2_screen/Screen_2_PM2View.cpp:65:6:virtual void Screen_2_PM2View::updateScreen()	8	static
C:/Users/jason/Documents/GenX320_stream/TouchGFX/gui/src/screen_2_pm2_screen/Screen_2_PM2View.cpp:149:6:virtual void Screen_2_PM2View::lowPowerMode()	32	static
../../TouchGFX/gui/include/gui/screen_2_pm2_screen/Screen_2_PM2View.hpp:11:13:Screen_2_PM2View::~Screen_2_PM2View()	8	static
../../TouchGFX/gui/include/gui/screen_2_pm2_screen/Screen_2_PM2View.hpp:11:13:virtual Screen_2_PM2View::~Screen_2_PM2View()	8	static
C:/Users/jason/Documents/GenX320_stream/TouchGFX/gui/src/screen_2_pm2_screen/Screen_2_PM2View.cpp:49:6:virtual void Screen_2_PM2View::checkI2CStatus()	8	static
C:/Users/jason/Documents/GenX320_stream/TouchGFX/gui/src/screen_2_pm2_screen/Screen_2_PM2View.cpp:20:1:Screen_2_PM2View::Screen_2_PM2View()	8	static
C:/Users/jason/Documents/GenX320_stream/TouchGFX/gui/src/screen_2_pm2_screen/Screen_2_PM2View.cpp:162:1:cpp)	16	static
C:/Users/jason/Documents/GenX320_stream/TouchGFX/gui/src/screen_2_pm2_screen/Screen_2_PM2View.cpp:162:1:cpp)	0	static
C:/Users/jason/Documents/GenX320_stream/TouchGFX/gui/src/screen_2_pm2_screen/Screen_2_PM2View.cpp:26:6:virtual void Screen_2_PM2View::setupScreen()	0	static
C:/Users/jason/Documents/GenX320_stream/TouchGFX/gui/src/screen_2_pm2_screen/Screen_2_PM2View.cpp:74:6:virtual void Screen_2_PM2View::readLPW()	16	static
