../../TouchGFX/gui/include/gui/screen_2_pm0_screen/Screen_2_PM0Presenter.hpp:28:13:Screen_2_PM0Presenter::~Screen_2_PM0Presenter()	0	static
C:/Users/jason/Documents/GenX320_stream/TouchGFX/gui/src/screen_2_pm0_screen/Screen_2_PM0Presenter.cpp:10:6:virtual void Screen_2_PM0Presenter::activate()	0	static
../../TouchGFX/gui/include/gui/screen_2_pm0_screen/Screen_2_PM0Presenter.hpp:28:13:virtual Screen_2_PM0Presenter::~Screen_2_PM0Presenter()	8	static
../../TouchGFX/gui/include/gui/screen_2_pm0_screen/Screen_2_PM0Presenter.hpp:28:13:virtual void* Screen_2_PM0Presenter::_ZThn4_N21Screen_2_PM0PresenterD1Ev()	0	static
C:/Users/jason/Documents/GenX320_stream/TouchGFX/gui/src/screen_2_pm0_screen/Screen_2_PM0Presenter.cpp:4:1:Screen_2_PM0Presenter::Screen_2_PM0Presenter(Screen_2_PM0View&)	0	static
