../../TouchGFX/gui/include/gui/screen_3_lt_screen/Screen_3_LTPresenter.hpp:28:13:Screen_3_LTPresenter::~Screen_3_LTPresenter()	0	static
C:/Users/jason/Documents/GenX320_stream/TouchGFX/gui/src/screen_3_lt_screen/Screen_3_LTPresenter.cpp:10:6:virtual void Screen_3_LTPresenter::activate()	0	static
../../TouchGFX/gui/include/gui/screen_3_lt_screen/Screen_3_LTPresenter.hpp:28:13:virtual Screen_3_LTPresenter::~Screen_3_LTPresenter()	8	static
../../TouchGFX/gui/include/gui/screen_3_lt_screen/Screen_3_LTPresenter.hpp:28:13:virtual void* Screen_3_LTPresenter::_ZThn4_N20Screen_3_LTPresenterD1Ev()	0	static
C:/Users/jason/Documents/GenX320_stream/TouchGFX/gui/src/screen_3_lt_screen/Screen_3_LTPresenter.cpp:4:1:Screen_3_LTPresenter::Screen_3_LTPresenter(Screen_3_LTView&)	0	static
