../../Middlewares/ST/touchgfx/framework/include/touchgfx/Screen.hpp:104:18:virtual void touchgfx::Screen::afterTransition()	0	static
../../Middlewares/ST/touchgfx/framework/include/touchgfx/Screen.hpp:154:18:virtual void touchgfx::Screen::handleKeyEvent(uint8_t)	0	static
C:/Users/jason/Documents/GenX320_stream/TouchGFX/gui/src/screen_1_lp_statistics_screen/Screen_1_LP_StatisticsView.cpp:30:6:virtual void Screen_1_LP_StatisticsView::tearDownScreen()	0	static
C:/Users/jason/Documents/GenX320_stream/TouchGFX/gui/src/screen_1_lp_statistics_screen/Screen_1_LP_StatisticsView.cpp:62:6:virtual void Screen_1_LP_StatisticsView::screenInit()	0	static
C:/Users/jason/Documents/GenX320_stream/TouchGFX/gui/src/screen_1_lp_statistics_screen/Screen_1_LP_StatisticsView.cpp:87:6:virtual void Screen_1_LP_StatisticsView::updateScreen()	0	static
C:/Users/jason/Documents/GenX320_stream/TouchGFX/gui/src/screen_1_lp_statistics_screen/Screen_1_LP_StatisticsView.cpp:95:6:virtual void Screen_1_LP_StatisticsView::readLpCounters()	32	static
../../TouchGFX/gui/include/gui/screen_1_lp_statistics_screen/Screen_1_LP_StatisticsView.hpp:11:13:Screen_1_LP_StatisticsView::~Screen_1_LP_StatisticsView()	8	static
../../TouchGFX/gui/include/gui/screen_1_lp_statistics_screen/Screen_1_LP_StatisticsView.hpp:11:13:virtual Screen_1_LP_StatisticsView::~Screen_1_LP_StatisticsView()	8	static
C:/Users/jason/Documents/GenX320_stream/TouchGFX/gui/src/screen_1_lp_statistics_screen/Screen_1_LP_StatisticsView.cpp:71:6:virtual void Screen_1_LP_StatisticsView::checkI2CStatus()	16	static
C:/Users/jason/Documents/GenX320_stream/TouchGFX/gui/src/screen_1_lp_statistics_screen/Screen_1_LP_StatisticsView.cpp:38:6:virtual void Screen_1_LP_StatisticsView::handleClickEvent(const touchgfx::ClickEvent&)	0	static
C:/Users/jason/Documents/GenX320_stream/TouchGFX/gui/src/screen_1_lp_statistics_screen/Screen_1_LP_StatisticsView.cpp:20:1:Screen_1_LP_StatisticsView::Screen_1_LP_StatisticsView()	8	static
C:/Users/jason/Documents/GenX320_stream/TouchGFX/gui/src/screen_1_lp_statistics_screen/Screen_1_LP_StatisticsView.cpp:109:1:cpp)	16	static
C:/Users/jason/Documents/GenX320_stream/TouchGFX/gui/src/screen_1_lp_statistics_screen/Screen_1_LP_StatisticsView.cpp:109:1:cpp)	0	static
C:/Users/jason/Documents/GenX320_stream/TouchGFX/gui/src/screen_1_lp_statistics_screen/Screen_1_LP_StatisticsView.cpp:25:6:virtual void Screen_1_LP_StatisticsView::setupScreen()	0	static
