../../Middlewares/ST/touchgfx/framework/include/touchgfx/Screen.hpp:104:18:virtual void touchgfx::Screen::afterTransition()	0	static
../../Middlewares/ST/touchgfx/framework/include/touchgfx/Screen.hpp:154:18:virtual void touchgfx::Screen::handleKeyEvent(uint8_t)	0	static
C:/Users/jason/Documents/GenX320_stream/TouchGFX/gui/src/screen_2_screen/Screen_2View.cpp:20:6:virtual void Screen_2View::tearDownScreen()	0	static
C:/Users/jason/Documents/GenX320_stream/TouchGFX/gui/src/screen_2_screen/Screen_2View.cpp:28:6:virtual void Screen_2View::screenInit()	0	static
C:/Users/jason/Documents/GenX320_stream/TouchGFX/gui/src/screen_2_screen/Screen_2View.cpp:53:6:virtual void Screen_2View::updateScreen()	0	static
../../TouchGFX/gui/include/gui/screen_2_screen/Screen_2View.hpp:11:13:Screen_2View::~Screen_2View()	8	static
../../TouchGFX/gui/include/gui/screen_2_screen/Screen_2View.hpp:11:13:virtual Screen_2View::~Screen_2View()	8	static
C:/Users/jason/Documents/GenX320_stream/TouchGFX/gui/src/screen_2_screen/Screen_2View.cpp:37:6:virtual void Screen_2View::checkI2CStatus()	16	static
C:/Users/jason/Documents/GenX320_stream/TouchGFX/gui/src/screen_2_screen/Screen_2View.cpp:61:6:virtual void Screen_2View::handleClickEvent(const touchgfx::ClickEvent&)	8	static
C:/Users/jason/Documents/GenX320_stream/TouchGFX/gui/src/screen_2_screen/Screen_2View.cpp:10:1:Screen_2View::Screen_2View()	8	static
C:/Users/jason/Documents/GenX320_stream/TouchGFX/gui/src/screen_2_screen/Screen_2View.cpp:15:6:virtual void Screen_2View::setupScreen()	0	static
