../../TouchGFX/gui/include/gui/screen_2_screen/Screen_2Presenter.hpp:28:13:Screen_2Presenter::~Screen_2Presenter()	0	static
C:/Users/jason/Documents/GenX320_stream/TouchGFX/gui/src/screen_2_screen/Screen_2Presenter.cpp:10:6:virtual void Screen_2Presenter::activate()	0	static
../../TouchGFX/gui/include/gui/screen_2_screen/Screen_2Presenter.hpp:28:13:virtual Screen_2Presenter::~Screen_2Presenter()	8	static
../../TouchGFX/gui/include/gui/screen_2_screen/Screen_2Presenter.hpp:28:13:virtual void* Screen_2Presenter::_ZThn4_N17Screen_2PresenterD1Ev()	0	static
C:/Users/jason/Documents/GenX320_stream/TouchGFX/gui/src/screen_2_screen/Screen_2Presenter.cpp:4:1:Screen_2Presenter::Screen_2Presenter(Screen_2View&)	0	static
