../../Middlewares/ST/touchgfx/framework/include/touchgfx/Screen.hpp:104:18:virtual void touchgfx::Screen::afterTransition()	0	static
../../Middlewares/ST/touchgfx/framework/include/touchgfx/Screen.hpp:154:18:virtual void touchgfx::Screen::handleKeyEvent(uint8_t)	0	static
C:/Users/jason/Documents/GenX320_stream/TouchGFX/gui/src/screen_2_pm0_screen/Screen_2_PM0View.cpp:25:6:virtual void Screen_2_PM0View::tearDownScreen()	0	static
C:/Users/jason/Documents/GenX320_stream/TouchGFX/gui/src/screen_2_pm0_screen/Screen_2_PM0View.cpp:33:6:virtual void Screen_2_PM0View::screenInit()	0	static
C:/Users/jason/Documents/GenX320_stream/TouchGFX/gui/src/screen_2_pm0_screen/Screen_2_PM0View.cpp:58:6:virtual void Screen_2_PM0View::updateScreen()	8	static
../../TouchGFX/gui/include/gui/screen_2_pm0_screen/Screen_2_PM0View.hpp:11:13:Screen_2_PM0View::~Screen_2_PM0View()	8	static
../../TouchGFX/gui/include/gui/screen_2_pm0_screen/Screen_2_PM0View.hpp:11:13:virtual Screen_2_PM0View::~Screen_2_PM0View()	8	static
C:/Users/jason/Documents/GenX320_stream/TouchGFX/gui/src/screen_2_pm0_screen/Screen_2_PM0View.cpp:42:6:virtual void Screen_2_PM0View::checkI2CStatus()	16	static
C:/Users/jason/Documents/GenX320_stream/TouchGFX/gui/src/screen_2_pm0_screen/Screen_2_PM0View.cpp:73:6:virtual void Screen_2_PM0View::readGPIO()	16	static
C:/Users/jason/Documents/GenX320_stream/TouchGFX/gui/src/screen_2_pm0_screen/Screen_2_PM0View.cpp:15:1:Screen_2_PM0View::Screen_2_PM0View()	8	static
C:/Users/jason/Documents/GenX320_stream/TouchGFX/gui/src/screen_2_pm0_screen/Screen_2_PM0View.cpp:20:6:virtual void Screen_2_PM0View::setupScreen()	0	static
