../../Middlewares/ST/touchgfx/framework/include/touchgfx/Screen.hpp:154:18:virtual void touchgfx::Screen::handleKeyEvent(uint8_t)	0	static
C:/Users/jason/Documents/GenX320_stream/TouchGFX/gui/src/screen_3_lt_screen/Screen_3_LTView.cpp:20:6:virtual void Screen_3_LTView::tearDownScreen()	0	static
C:/Users/jason/Documents/GenX320_stream/TouchGFX/gui/src/screen_3_lt_screen/Screen_3_LTView.cpp:28:6:virtual void Screen_3_LTView::screenInit()	0	static
C:/Users/jason/Documents/GenX320_stream/TouchGFX/gui/src/screen_3_lt_screen/Screen_3_LTView.cpp:76:6:virtual void Screen_3_LTView::updateScreen()	0	static
../../TouchGFX/gui/include/gui/screen_3_lt_screen/Screen_3_LTView.hpp:11:13:Screen_3_LTView::~Screen_3_LTView()	8	static
../../TouchGFX/gui/include/gui/screen_3_lt_screen/Screen_3_LTView.hpp:11:13:virtual Screen_3_LTView::~Screen_3_LTView()	8	static
C:/Users/jason/Documents/GenX320_stream/TouchGFX/gui/src/screen_3_lt_screen/Screen_3_LTView.cpp:37:6:virtual void Screen_3_LTView::checkI2CStatus()	16	static
C:/Users/jason/Documents/GenX320_stream/TouchGFX/gui/src/screen_3_lt_screen/Screen_3_LTView.cpp:53:6:virtual void Screen_3_LTView::handleClickEvent(const touchgfx::ClickEvent&)	0	static
C:/Users/jason/Documents/GenX320_stream/TouchGFX/gui/src/screen_3_lt_screen/Screen_3_LTView.cpp:10:1:Screen_3_LTView::Screen_3_LTView()	8	static
C:/Users/jason/Documents/GenX320_stream/TouchGFX/gui/src/screen_3_lt_screen/Screen_3_LTView.cpp:15:6:virtual void Screen_3_LTView::setupScreen()	0	static
C:/Users/jason/Documents/GenX320_stream/TouchGFX/gui/src/screen_3_lt_screen/Screen_3_LTView.cpp:83:6:virtual void Screen_3_LTView::updateCoordinates()	24	static
