../../Middlewares/ST/touchgfx/framework/include/touchgfx/Drawable.hpp:147:23:virtual touchgfx::Drawable* touchgfx::Drawable::getFirstChild()	0	static
../../Middlewares/ST/touchgfx/framework/include/touchgfx/Drawable.hpp:315:18:virtual void touchgfx::Drawable::setX(int16_t)	0	static
../../Middlewares/ST/touchgfx/framework/include/touchgfx/Drawable.hpp:327:18:virtual void touchgfx::Drawable::setY(int16_t)	0	static
../../Middlewares/ST/touchgfx/framework/include/touchgfx/Drawable.hpp:356:18:virtual void touchgfx::Drawable::setWidth(int16_t)	0	static
../../Middlewares/ST/touchgfx/framework/include/touchgfx/Drawable.hpp:368:18:virtual void touchgfx::Drawable::setHeight(int16_t)	0	static
../../Middlewares/ST/touchgfx/framework/include/touchgfx/Drawable.hpp:378:18:virtual void touchgfx::Drawable::childGeometryChanged()	0	static
../../Middlewares/ST/touchgfx/framework/include/touchgfx/Drawable.hpp:389:18:virtual void touchgfx::Drawable::handleClickEvent(const touchgfx::ClickEvent&)	0	static
../../Middlewares/ST/touchgfx/framework/include/touchgfx/Drawable.hpp:401:18:virtual void touchgfx::Drawable::handleGestureEvent(const touchgfx::GestureEvent&)	0	static
../../Middlewares/ST/touchgfx/framework/include/touchgfx/Drawable.hpp:490:18:virtual void touchgfx::Drawable::handleDragEvent(const touchgfx::DragEvent&)	0	static
../../Middlewares/ST/touchgfx/framework/include/touchgfx/Drawable.hpp:501:18:virtual void touchgfx::Drawable::handleTickEvent()	0	static
../../Middlewares/ST/touchgfx/framework/include/touchgfx/Drawable.hpp:588:18:virtual void touchgfx::Drawable::moveTo(int16_t, int16_t)	4	static
../../Middlewares/ST/touchgfx/framework/include/touchgfx/Drawable.hpp:703:18:virtual void touchgfx::Drawable::setupDrawChain(const touchgfx::Rect&, touchgfx::Drawable**)	0	static
../../Middlewares/ST/touchgfx/framework/include/touchgfx/Screen.hpp:93:18:virtual void touchgfx::Screen::setupScreen()	0	static
../../Middlewares/ST/touchgfx/framework/include/touchgfx/Screen.hpp:104:18:virtual void touchgfx::Screen::afterTransition()	0	static
../../Middlewares/ST/touchgfx/framework/include/touchgfx/Screen.hpp:115:18:virtual void touchgfx::Screen::tearDownScreen()	0	static
../../Middlewares/ST/touchgfx/framework/include/touchgfx/Screen.hpp:144:18:virtual void touchgfx::Screen::handleTickEvent()	0	static
../../Middlewares/ST/touchgfx/framework/include/touchgfx/Screen.hpp:154:18:virtual void touchgfx::Screen::handleKeyEvent(uint8_t)	0	static
../../Middlewares/ST/touchgfx/framework/include/touchgfx/TypedText.hpp:65:13:touchgfx::TypedText::~TypedText()	0	static
../../TouchGFX/generated/gui_generated/include/gui_generated/screen_2_pm2_screen/Screen_2_PM2ViewBase.hpp:32:18:virtual void Screen_2_PM2ViewBase::lowPowerMode()	0	static
../../TouchGFX/generated/gui_generated/include/gui_generated/screen_2_pm2_screen/Screen_2_PM2ViewBase.hpp:36:18:virtual void Screen_2_PM2ViewBase::readLPW()	0	static
../../TouchGFX/generated/gui_generated/include/gui_generated/screen_2_pm2_screen/Screen_2_PM2ViewBase.hpp:40:18:virtual void Screen_2_PM2ViewBase::screenInit()	0	static
../../TouchGFX/generated/gui_generated/include/gui_generated/screen_2_pm2_screen/Screen_2_PM2ViewBase.hpp:44:18:virtual void Screen_2_PM2ViewBase::checkI2CStatus()	0	static
../../Middlewares/ST/touchgfx/framework/include/mvp/View.hpp:36:7:touchgfx::View<Screen_2_PM2Presenter>::~View()	0	static
C:/Users/jason/Documents/GenX320_stream/TouchGFX/generated/gui_generated/src/screen_2_pm2_screen/Screen_2_PM2ViewBase.cpp:149:1:Screen_2_PM2ViewBase::~Screen_2_PM2ViewBase()	0	static
C:/Users/jason/Documents/GenX320_stream/TouchGFX/generated/gui_generated/src/screen_2_pm2_screen/Screen_2_PM2ViewBase.cpp:154:6:virtual void Screen_2_PM2ViewBase::setupScreen()	0	static
C:/Users/jason/Documents/GenX320_stream/TouchGFX/generated/gui_generated/src/screen_2_pm2_screen/Screen_2_PM2ViewBase.cpp:159:6:virtual void Screen_2_PM2ViewBase::handleTickEvent()	8	static
C:/Users/jason/Documents/GenX320_stream/TouchGFX/generated/gui_generated/src/screen_2_pm2_screen/Screen_2_PM2ViewBase.cpp:177:6:virtual void Screen_2_PM2ViewBase::transitionBegins()	0	static
../../Middlewares/ST/touchgfx/framework/include/touchgfx/TypedText.hpp:65:13:virtual touchgfx::TypedText::~TypedText()	8	static
../../Middlewares/ST/touchgfx/framework/include/mvp/View.hpp:36:7:virtual touchgfx::View<Screen_2_PM2Presenter>::~View()	8	static
C:/Users/jason/Documents/GenX320_stream/TouchGFX/generated/gui_generated/src/screen_2_pm2_screen/Screen_2_PM2ViewBase.cpp:149:1:virtual Screen_2_PM2ViewBase::~Screen_2_PM2ViewBase()	8	static
C:/Users/jason/Documents/GenX320_stream/TouchGFX/generated/gui_generated/src/screen_2_pm2_screen/Screen_2_PM2ViewBase.cpp:185:6:virtual void Screen_2_PM2ViewBase::changeScreenToModeSelection()	8	static
../../Middlewares/ST/touchgfx/framework/include/touchgfx/Drawable.hpp:121:18:virtual void touchgfx::Drawable::invalidateContent() const	0	static
../../Middlewares/ST/touchgfx/framework/include/touchgfx/widgets/Widget.hpp:45:18:virtual void touchgfx::Widget::getLastChild(int16_t, int16_t, touchgfx::Drawable**)	0	static
../../Middlewares/ST/touchgfx/framework/include/touchgfx/Drawable.hpp:343:10:void touchgfx::Drawable::setXY(int16_t, int16_t)	16	static
../../Middlewares/ST/touchgfx/framework/include/touchgfx/Drawable.hpp:233:10:void touchgfx::Drawable::setPosition(int16_t, int16_t, int16_t, int16_t)	16	static
../../Middlewares/ST/touchgfx/framework/include/touchgfx/widgets/Widget.hpp:36:7:touchgfx::Widget::Widget()	0	static
../../Middlewares/ST/touchgfx/framework/include/touchgfx/widgets/Box.hpp:33:5:touchgfx::Box::Box()	8	static
../../Middlewares/ST/touchgfx/framework/include/touchgfx/widgets/BoxWithBorder.hpp:34:5:touchgfx::BoxWithBorder::BoxWithBorder()	8	static
../../Middlewares/ST/touchgfx/framework/include/touchgfx/widgets/Image.hpp:50:5:touchgfx::Image::Image(const touchgfx::Bitmap&)	16	static
C:/Users/jason/Documents/GenX320_stream/TouchGFX/generated/gui_generated/src/screen_2_pm2_screen/Screen_2_PM2ViewBase.cpp:9:1:Screen_2_PM2ViewBase::Screen_2_PM2ViewBase()	160	static
