../../Middlewares/ST/touchgfx/framework/include/touchgfx/Drawable.hpp:147:23:virtual touchgfx::Drawable* touchgfx::Drawable::getFirstChild()	0	static
../../Middlewares/ST/touchgfx/framework/include/touchgfx/Drawable.hpp:315:18:virtual void touchgfx::Drawable::setX(int16_t)	0	static
../../Middlewares/ST/touchgfx/framework/include/touchgfx/Drawable.hpp:327:18:virtual void touchgfx::Drawable::setY(int16_t)	0	static
../../Middlewares/ST/touchgfx/framework/include/touchgfx/Drawable.hpp:356:18:virtual void touchgfx::Drawable::setWidth(int16_t)	0	static
../../Middlewares/ST/touchgfx/framework/include/touchgfx/Drawable.hpp:368:18:virtual void touchgfx::Drawable::setHeight(int16_t)	0	static
../../Middlewares/ST/touchgfx/framework/include/touchgfx/Drawable.hpp:378:18:virtual void touchgfx::Drawable::childGeometryChanged()	0	static
../../Middlewares/ST/touchgfx/framework/include/touchgfx/Drawable.hpp:389:18:virtual void touchgfx::Drawable::handleClickEvent(const touchgfx::ClickEvent&)	0	static
../../Middlewares/ST/touchgfx/framework/include/touchgfx/Drawable.hpp:401:18:virtual void touchgfx::Drawable::handleGestureEvent(const touchgfx::GestureEvent&)	0	static
../../Middlewares/ST/touchgfx/framework/include/touchgfx/Drawable.hpp:490:18:virtual void touchgfx::Drawable::handleDragEvent(const touchgfx::DragEvent&)	0	static
../../Middlewares/ST/touchgfx/framework/include/touchgfx/Drawable.hpp:501:18:virtual void touchgfx::Drawable::handleTickEvent()	0	static
../../Middlewares/ST/touchgfx/framework/include/touchgfx/Drawable.hpp:588:18:virtual void touchgfx::Drawable::moveTo(int16_t, int16_t)	4	static
../../Middlewares/ST/touchgfx/framework/include/touchgfx/Drawable.hpp:703:18:virtual void touchgfx::Drawable::setupDrawChain(const touchgfx::Rect&, touchgfx::Drawable**)	0	static
../../Middlewares/ST/touchgfx/framework/include/touchgfx/Screen.hpp:93:18:virtual void touchgfx::Screen::setupScreen()	0	static
../../Middlewares/ST/touchgfx/framework/include/touchgfx/Screen.hpp:104:18:virtual void touchgfx::Screen::afterTransition()	0	static
../../Middlewares/ST/touchgfx/framework/include/touchgfx/Screen.hpp:115:18:virtual void touchgfx::Screen::tearDownScreen()	0	static
../../Middlewares/ST/touchgfx/framework/include/touchgfx/Screen.hpp:144:18:virtual void touchgfx::Screen::handleTickEvent()	0	static
../../Middlewares/ST/touchgfx/framework/include/touchgfx/Screen.hpp:154:18:virtual void touchgfx::Screen::handleKeyEvent(uint8_t)	0	static
../../Middlewares/ST/touchgfx/framework/include/touchgfx/TypedText.hpp:65:13:touchgfx::TypedText::~TypedText()	0	static
../../Middlewares/ST/touchgfx/framework/include/touchgfx/widgets/canvas/AbstractPainter.hpp:61:34:virtual touchgfx::HAL::RenderingMethod touchgfx::AbstractPainter::getRenderingMethod() const	0	static
../../Middlewares/ST/touchgfx/framework/include/touchgfx/widgets/canvas/AbstractPainter.hpp:78:18:virtual bool touchgfx::AbstractPainter::setup(const touchgfx::Rect&) const	0	static
../../Middlewares/ST/touchgfx/framework/include/touchgfx/widgets/canvas/AbstractPainter.hpp:90:18:virtual void touchgfx::AbstractPainter::tearDown() const	0	static
../../TouchGFX/generated/gui_generated/include/gui_generated/screen_3_lt_screen/Screen_3_LTViewBase.hpp:33:18:virtual void Screen_3_LTViewBase::screenInit()	0	static
../../TouchGFX/generated/gui_generated/include/gui_generated/screen_3_lt_screen/Screen_3_LTViewBase.hpp:37:18:virtual void Screen_3_LTViewBase::updateCoordinates()	0	static
../../TouchGFX/generated/gui_generated/include/gui_generated/screen_3_lt_screen/Screen_3_LTViewBase.hpp:41:18:virtual void Screen_3_LTViewBase::checkI2CStatus()	0	static
../../Middlewares/ST/touchgfx/framework/include/mvp/View.hpp:36:7:touchgfx::View<Screen_3_LTPresenter>::~View()	0	static
C:/Users/jason/Documents/GenX320_stream/TouchGFX/generated/gui_generated/src/screen_3_lt_screen/Screen_3_LTViewBase.cpp:60:6:virtual void Screen_3_LTViewBase::setupScreen()	0	static
C:/Users/jason/Documents/GenX320_stream/TouchGFX/generated/gui_generated/src/screen_3_lt_screen/Screen_3_LTViewBase.cpp:73:6:virtual void Screen_3_LTViewBase::afterTransition()	0	static
C:/Users/jason/Documents/GenX320_stream/TouchGFX/generated/gui_generated/src/screen_3_lt_screen/Screen_3_LTViewBase.cpp:81:6:virtual void Screen_3_LTViewBase::handleTickEvent()	8	static
../../Middlewares/ST/touchgfx/framework/include/touchgfx/TypedText.hpp:65:13:virtual touchgfx::TypedText::~TypedText()	8	static
../../Middlewares/ST/touchgfx/framework/include/mvp/View.hpp:36:7:virtual touchgfx::View<Screen_3_LTPresenter>::~View()	8	static
C:/Users/jason/Documents/GenX320_stream/TouchGFX/generated/gui_generated/src/screen_3_lt_screen/Screen_3_LTViewBase.cpp:55:1:Screen_3_LTViewBase::~Screen_3_LTViewBase()	8	static
C:/Users/jason/Documents/GenX320_stream/TouchGFX/generated/gui_generated/src/screen_3_lt_screen/Screen_3_LTViewBase.cpp:55:1:virtual Screen_3_LTViewBase::~Screen_3_LTViewBase()	8	static
C:/Users/jason/Documents/GenX320_stream/TouchGFX/generated/gui_generated/src/screen_3_lt_screen/Screen_3_LTViewBase.cpp:65:6:virtual void Screen_3_LTViewBase::changeScreenLeft()	8	static
../../Middlewares/ST/touchgfx/framework/include/touchgfx/Drawable.hpp:121:18:virtual void touchgfx::Drawable::invalidateContent() const	0	static
../../Middlewares/ST/touchgfx/framework/include/touchgfx/widgets/Widget.hpp:45:18:virtual void touchgfx::Widget::getLastChild(int16_t, int16_t, touchgfx::Drawable**)	0	static
../../Middlewares/ST/touchgfx/framework/include/touchgfx/Drawable.hpp:343:10:void touchgfx::Drawable::setXY(int16_t, int16_t)	16	static
../../Middlewares/ST/touchgfx/framework/include/touchgfx/Drawable.hpp:233:10:void touchgfx::Drawable::setPosition(int16_t, int16_t, int16_t, int16_t)	16	static
../../Middlewares/ST/touchgfx/framework/include/touchgfx/widgets/Widget.hpp:36:7:touchgfx::Widget::Widget()	0	static
../../Middlewares/ST/touchgfx/framework/include/touchgfx/widgets/Image.hpp:50:5:touchgfx::Image::Image(const touchgfx::Bitmap&)	16	static
../../Middlewares/ST/touchgfx/framework/include/touchgfx/widgets/canvas/AbstractPainterARGB8888.hpp:37:5:touchgfx::AbstractPainterARGB8888::AbstractPainterARGB8888()	16	static
C:/Users/jason/Documents/GenX320_stream/TouchGFX/generated/gui_generated/src/screen_3_lt_screen/Screen_3_LTViewBase.cpp:10:1:Screen_3_LTViewBase::Screen_3_LTViewBase()	96	static
